// Vitest Snapshot v1, https://vitest.dev/guide/snapshot.html

exports[`SkeletonContent > matches snapshot 1`] = `
<DocumentFragment>
  <div
    class="MuiPaper-root MuiPaper-elevation MuiPaper-rounded MuiPaper-elevation1 css-9eitor-MuiPaper-root"
    style="--Paper-shadow: 0px 2px 1px -1px rgba(0,0,0,0.2),0px 1px 1px 0px rgba(0,0,0,0.14),0px 1px 3px 0px rgba(0,0,0,0.12);"
  >
    <div
      class="MuiBox-root css-0"
    >
      <span
        class="MuiSkeleton-root MuiSkeleton-rectangular MuiSkeleton-pulse css-6pusbi-MuiSkeleton-root"
        data-testid="skeleton-line"
        style="height: 400px;"
      />
      <span
        class="MuiSkeleton-root MuiSkeleton-text MuiSkeleton-pulse css-kkcbhd-MuiSkeleton-root"
        data-testid="skeleton-line"
        style="width: 70%; height: 40px;"
      />
      <span
        class="MuiSkeleton-root MuiSkeleton-text MuiSkeleton-pulse css-kkcbhd-MuiSkeleton-root"
        data-testid="skeleton-line"
        style="width: 40%; height: 24px;"
      />
      <span
        class="MuiSkeleton-root MuiSkeleton-text MuiSkeleton-pulse css-1icoqhh-MuiSkeleton-root"
        data-testid="skeleton-line"
        style="width: 90%; height: 20px;"
      />
      <span
        class="MuiSkeleton-root MuiSkeleton-text MuiSkeleton-pulse css-kkcbhd-MuiSkeleton-root"
        data-testid="skeleton-line"
        style="width: 90%; height: 20px;"
      />
      <span
        class="MuiSkeleton-root MuiSkeleton-text MuiSkeleton-pulse css-kkcbhd-MuiSkeleton-root"
        data-testid="skeleton-line"
        style="width: 70%; height: 20px;"
      />
    </div>
  </div>
</DocumentFragment>
`;
