// Vitest Snapshot v1, https://vitest.dev/guide/snapshot.html

exports[`SkeletonCard > matches snapshot 1`] = `
<DocumentFragment>
  <div
    class="MuiPaper-root MuiPaper-elevation MuiPaper-rounded MuiPaper-elevation1 css-1qcszjd-MuiPaper-root"
    data-testid="skeleton-card"
    style="--Paper-shadow: 0px 2px 1px -1px rgba(0,0,0,0.2),0px 1px 1px 0px rgba(0,0,0,0.14),0px 1px 3px 0px rgba(0,0,0,0.12);"
  >
    <div
      class="MuiBox-root css-19midj6"
    >
      <span
        class="MuiSkeleton-root MuiSkeleton-text MuiSkeleton-pulse css-kkcbhd-MuiSkeleton-root"
        data-testid="skeleton-line"
        style="width: 80%; height: 32px;"
      />
      <span
        class="MuiSkeleton-root MuiSkeleton-text MuiSkeleton-pulse css-1icoqhh-MuiSkeleton-root"
        data-testid="skeleton-line"
        style="width: 100%; height: 20px;"
      />
      <span
        class="MuiSkeleton-root MuiSkeleton-text MuiSkeleton-pulse css-kkcbhd-MuiSkeleton-root"
        data-testid="skeleton-line"
        style="width: 100%; height: 20px;"
      />
      <span
        class="MuiSkeleton-root MuiSkeleton-text MuiSkeleton-pulse css-kkcbhd-MuiSkeleton-root"
        data-testid="skeleton-line"
        style="width: 100%; height: 20px;"
      />
      <span
        class="MuiSkeleton-root MuiSkeleton-text MuiSkeleton-pulse css-15oq8xq-MuiSkeleton-root"
        data-testid="skeleton-line"
        style="width: 40%; height: 20px;"
      />
    </div>
  </div>
</DocumentFragment>
`;
